// Jest Snapshot v1, https://goo.gl/fbAQLP

exports[`MarkdownDetail render correctly 1`] = `
<Component
  dataSource="- test"
>
  <div
    style={
      Object {
        "fontSize": 16,
        "height": "95vh",
        "overflow": "auto",
        "padding": "5px 24px",
      }
    }
  >
    <ReactMarkdown
      astPlugins={Array []}
      escapeHtml={false}
      plugins={Array []}
      rawSourcePos={false}
      renderers={Object {}}
      skipHtml={false}
      source="- test"
      sourcePos={false}
      transformLinkUri={[Function]}
    >
      <Root
        key="root-1-1"
      >
        <List
          depth={0}
          key="list-1-1"
          ordered={false}
          start={null}
          tight={true}
        >
          <ul>
            <ListItem
              checked={null}
              index={0}
              key="listItem-1-1"
              ordered={false}
              tight={true}
            >
              <li>
                <TextRenderer
                  key="text-1-3"
                  nodeKey="text-1-3"
                  value="test"
                >
                  test
                </TextRenderer>
              </li>
            </ListItem>
          </ul>
        </List>
      </Root>
    </ReactMarkdown>
  </div>
</Component>
`;
